// Jest Snapshot v1, https://goo.gl/fbAQLP

exports[`get pbf 1`] = `undefined`;
